Archive member included because of file (symbol)

e:/courses/embeeded system iti/iti training programms/atmel studio/extensions/atmel/avrgcc/3.4.1.95/avrtoolchain/bin/../lib/gcc/avr/4.6.2/../../../../avr/lib/avr5\libm.a(addsf3.o)
                              App/Smart Calculator.o (__subsf3)
e:/courses/embeeded system iti/iti training programms/atmel studio/extensions/atmel/avrgcc/3.4.1.95/avrtoolchain/bin/../lib/gcc/avr/4.6.2/../../../../avr/lib/avr5\libm.a(addsf3x.o)
                              e:/courses/embeeded system iti/iti training programms/atmel studio/extensions/atmel/avrgcc/3.4.1.95/avrtoolchain/bin/../lib/gcc/avr/4.6.2/../../../../avr/lib/avr5\libm.a(addsf3.o) (__addsf3x)
e:/courses/embeeded system iti/iti training programms/atmel studio/extensions/atmel/avrgcc/3.4.1.95/avrtoolchain/bin/../lib/gcc/avr/4.6.2/../../../../avr/lib/avr5\libm.a(cmpsf2.o)
                              App/Smart Calculator.o (__eqsf2)
e:/courses/embeeded system iti/iti training programms/atmel studio/extensions/atmel/avrgcc/3.4.1.95/avrtoolchain/bin/../lib/gcc/avr/4.6.2/../../../../avr/lib/avr5\libm.a(divsf3.o)
                              App/Smart Calculator.o (__divsf3)
e:/courses/embeeded system iti/iti training programms/atmel studio/extensions/atmel/avrgcc/3.4.1.95/avrtoolchain/bin/../lib/gcc/avr/4.6.2/../../../../avr/lib/avr5\libm.a(divsf3x.o)
                              e:/courses/embeeded system iti/iti training programms/atmel studio/extensions/atmel/avrgcc/3.4.1.95/avrtoolchain/bin/../lib/gcc/avr/4.6.2/../../../../avr/lib/avr5\libm.a(divsf3.o) (__divsf3x)
e:/courses/embeeded system iti/iti training programms/atmel studio/extensions/atmel/avrgcc/3.4.1.95/avrtoolchain/bin/../lib/gcc/avr/4.6.2/../../../../avr/lib/avr5\libm.a(fixunssfsi.o)
                              App/Smart Calculator.o (__fixunssfsi)
e:/courses/embeeded system iti/iti training programms/atmel studio/extensions/atmel/avrgcc/3.4.1.95/avrtoolchain/bin/../lib/gcc/avr/4.6.2/../../../../avr/lib/avr5\libm.a(floatsisf.o)
                              App/Smart Calculator.o (__floatunsisf)
e:/courses/embeeded system iti/iti training programms/atmel studio/extensions/atmel/avrgcc/3.4.1.95/avrtoolchain/bin/../lib/gcc/avr/4.6.2/../../../../avr/lib/avr5\libm.a(fp_cmp.o)
                              e:/courses/embeeded system iti/iti training programms/atmel studio/extensions/atmel/avrgcc/3.4.1.95/avrtoolchain/bin/../lib/gcc/avr/4.6.2/../../../../avr/lib/avr5\libm.a(cmpsf2.o) (__fp_cmp)
e:/courses/embeeded system iti/iti training programms/atmel studio/extensions/atmel/avrgcc/3.4.1.95/avrtoolchain/bin/../lib/gcc/avr/4.6.2/../../../../avr/lib/avr5\libm.a(fp_inf.o)
                              e:/courses/embeeded system iti/iti training programms/atmel studio/extensions/atmel/avrgcc/3.4.1.95/avrtoolchain/bin/../lib/gcc/avr/4.6.2/../../../../avr/lib/avr5\libm.a(addsf3x.o) (__fp_inf)
e:/courses/embeeded system iti/iti training programms/atmel studio/extensions/atmel/avrgcc/3.4.1.95/avrtoolchain/bin/../lib/gcc/avr/4.6.2/../../../../avr/lib/avr5\libm.a(fp_nan.o)
                              e:/courses/embeeded system iti/iti training programms/atmel studio/extensions/atmel/avrgcc/3.4.1.95/avrtoolchain/bin/../lib/gcc/avr/4.6.2/../../../../avr/lib/avr5\libm.a(addsf3x.o) (__fp_nan)
e:/courses/embeeded system iti/iti training programms/atmel studio/extensions/atmel/avrgcc/3.4.1.95/avrtoolchain/bin/../lib/gcc/avr/4.6.2/../../../../avr/lib/avr5\libm.a(fp_pscA.o)
                              e:/courses/embeeded system iti/iti training programms/atmel studio/extensions/atmel/avrgcc/3.4.1.95/avrtoolchain/bin/../lib/gcc/avr/4.6.2/../../../../avr/lib/avr5\libm.a(addsf3x.o) (__fp_pscA)
e:/courses/embeeded system iti/iti training programms/atmel studio/extensions/atmel/avrgcc/3.4.1.95/avrtoolchain/bin/../lib/gcc/avr/4.6.2/../../../../avr/lib/avr5\libm.a(fp_pscB.o)
                              e:/courses/embeeded system iti/iti training programms/atmel studio/extensions/atmel/avrgcc/3.4.1.95/avrtoolchain/bin/../lib/gcc/avr/4.6.2/../../../../avr/lib/avr5\libm.a(addsf3x.o) (__fp_pscB)
e:/courses/embeeded system iti/iti training programms/atmel studio/extensions/atmel/avrgcc/3.4.1.95/avrtoolchain/bin/../lib/gcc/avr/4.6.2/../../../../avr/lib/avr5\libm.a(fp_round.o)
                              e:/courses/embeeded system iti/iti training programms/atmel studio/extensions/atmel/avrgcc/3.4.1.95/avrtoolchain/bin/../lib/gcc/avr/4.6.2/../../../../avr/lib/avr5\libm.a(addsf3.o) (__fp_round)
e:/courses/embeeded system iti/iti training programms/atmel studio/extensions/atmel/avrgcc/3.4.1.95/avrtoolchain/bin/../lib/gcc/avr/4.6.2/../../../../avr/lib/avr5\libm.a(fp_split3.o)
                              e:/courses/embeeded system iti/iti training programms/atmel studio/extensions/atmel/avrgcc/3.4.1.95/avrtoolchain/bin/../lib/gcc/avr/4.6.2/../../../../avr/lib/avr5\libm.a(addsf3x.o) (__fp_split3)
e:/courses/embeeded system iti/iti training programms/atmel studio/extensions/atmel/avrgcc/3.4.1.95/avrtoolchain/bin/../lib/gcc/avr/4.6.2/../../../../avr/lib/avr5\libm.a(fp_zero.o)
                              e:/courses/embeeded system iti/iti training programms/atmel studio/extensions/atmel/avrgcc/3.4.1.95/avrtoolchain/bin/../lib/gcc/avr/4.6.2/../../../../avr/lib/avr5\libm.a(addsf3x.o) (__fp_zero)
e:/courses/embeeded system iti/iti training programms/atmel studio/extensions/atmel/avrgcc/3.4.1.95/avrtoolchain/bin/../lib/gcc/avr/4.6.2/../../../../avr/lib/avr5\libm.a(mulsf3.o)
                              App/Smart Calculator.o (__mulsf3)
e:/courses/embeeded system iti/iti training programms/atmel studio/extensions/atmel/avrgcc/3.4.1.95/avrtoolchain/bin/../lib/gcc/avr/4.6.2/../../../../avr/lib/avr5\libm.a(mulsf3x.o)
                              e:/courses/embeeded system iti/iti training programms/atmel studio/extensions/atmel/avrgcc/3.4.1.95/avrtoolchain/bin/../lib/gcc/avr/4.6.2/../../../../avr/lib/avr5\libm.a(mulsf3.o) (__mulsf3x)
e:/courses/embeeded system iti/iti training programms/atmel studio/extensions/atmel/avrgcc/3.4.1.95/avrtoolchain/bin/../lib/gcc/avr/4.6.2/avr5\libgcc.a(_udivmodsi4.o)
                              HAL/LCD/LCD_prg.o (__udivmodsi4)
e:/courses/embeeded system iti/iti training programms/atmel studio/extensions/atmel/avrgcc/3.4.1.95/avrtoolchain/bin/../lib/gcc/avr/4.6.2/avr5\libgcc.a(_exit.o)
                              e:/courses/embeeded system iti/iti training programms/atmel studio/extensions/atmel/avrgcc/3.4.1.95/avrtoolchain/bin/../lib/gcc/avr/4.6.2/../../../../avr/lib/avr5/crtm32.o (exit)
e:/courses/embeeded system iti/iti training programms/atmel studio/extensions/atmel/avrgcc/3.4.1.95/avrtoolchain/bin/../lib/gcc/avr/4.6.2/avr5\libgcc.a(_copy_data.o)
                              App/Smart Calculator.o (__do_copy_data)
e:/courses/embeeded system iti/iti training programms/atmel studio/extensions/atmel/avrgcc/3.4.1.95/avrtoolchain/bin/../lib/gcc/avr/4.6.2/avr5\libgcc.a(_clear_bss.o)
                              App/Smart Calculator.o (__do_clear_bss)

Memory Configuration

Name             Origin             Length             Attributes
text             0x00000000         0x00020000         xr
data             0x00800060         0x0000ffa0         rw !x
eeprom           0x00810000         0x00010000         rw !x
fuse             0x00820000         0x00000400         rw !x
lock             0x00830000         0x00000400         rw !x
signature        0x00840000         0x00000400         rw !x
*default*        0x00000000         0xffffffff

Linker script and memory map

LOAD e:/courses/embeeded system iti/iti training programms/atmel studio/extensions/atmel/avrgcc/3.4.1.95/avrtoolchain/bin/../lib/gcc/avr/4.6.2/../../../../avr/lib/avr5/crtm32.o
LOAD App/Smart Calculator.o
LOAD HAL/KeyPad/KEYPAD_cfg.o
LOAD HAL/KeyPad/KEYPAD_prg.o
LOAD HAL/LCD/LCD_prg.o
LOAD HAL/PORT/PORT_prg.o
LOAD MCAL/DIO/DIO_prg.o
START GROUP
LOAD e:/courses/embeeded system iti/iti training programms/atmel studio/extensions/atmel/avrgcc/3.4.1.95/avrtoolchain/bin/../lib/gcc/avr/4.6.2/../../../../avr/lib/avr5\libm.a
END GROUP
LOAD e:/courses/embeeded system iti/iti training programms/atmel studio/extensions/atmel/avrgcc/3.4.1.95/avrtoolchain/bin/../lib/gcc/avr/4.6.2/avr5\libgcc.a
LOAD e:/courses/embeeded system iti/iti training programms/atmel studio/extensions/atmel/avrgcc/3.4.1.95/avrtoolchain/bin/../lib/gcc/avr/4.6.2/../../../../avr/lib/avr5\libc.a
LOAD e:/courses/embeeded system iti/iti training programms/atmel studio/extensions/atmel/avrgcc/3.4.1.95/avrtoolchain/bin/../lib/gcc/avr/4.6.2/avr5\libgcc.a

.hash
 *(.hash)

.dynsym
 *(.dynsym)

.dynstr
 *(.dynstr)

.gnu.version
 *(.gnu.version)

.gnu.version_d
 *(.gnu.version_d)

.gnu.version_r
 *(.gnu.version_r)

.rel.init
 *(.rel.init)

.rela.init
 *(.rela.init)

.rel.text
 *(.rel.text)
 *(.rel.text.*)
 *(.rel.gnu.linkonce.t*)

.rela.text
 *(.rela.text)
 *(.rela.text.*)
 *(.rela.gnu.linkonce.t*)

.rel.fini
 *(.rel.fini)

.rela.fini
 *(.rela.fini)

.rel.rodata
 *(.rel.rodata)
 *(.rel.rodata.*)
 *(.rel.gnu.linkonce.r*)

.rela.rodata
 *(.rela.rodata)
 *(.rela.rodata.*)
 *(.rela.gnu.linkonce.r*)

.rel.data
 *(.rel.data)
 *(.rel.data.*)
 *(.rel.gnu.linkonce.d*)

.rela.data
 *(.rela.data)
 *(.rela.data.*)
 *(.rela.gnu.linkonce.d*)

.rel.ctors
 *(.rel.ctors)

.rela.ctors
 *(.rela.ctors)

.rel.dtors
 *(.rel.dtors)

.rela.dtors
 *(.rela.dtors)

.rel.got
 *(.rel.got)

.rela.got
 *(.rela.got)

.rel.bss
 *(.rel.bss)

.rela.bss
 *(.rela.bss)

.rel.plt
 *(.rel.plt)

.rela.plt
 *(.rela.plt)

.text           0x00000000     0x11e6
 *(.vectors)
 .vectors       0x00000000       0x54 e:/courses/embeeded system iti/iti training programms/atmel studio/extensions/atmel/avrgcc/3.4.1.95/avrtoolchain/bin/../lib/gcc/avr/4.6.2/../../../../avr/lib/avr5/crtm32.o
                0x00000000                __vector_default
                0x00000000                __vectors
 *(.vectors)
 *(.progmem.gcc*)
 *(.progmem*)
                0x00000054                . = ALIGN (0x2)
                0x00000054                __trampolines_start = .
 *(.trampolines)
 .trampolines   0x00000054        0x0 linker stubs
 *(.trampolines*)
                0x00000054                __trampolines_end = .
 *(.jumptables)
 *(.jumptables*)
 *(.lowtext)
 *(.lowtext*)
                0x00000054                __ctors_start = .
 *(.ctors)
                0x00000054                __ctors_end = .
                0x00000054                __dtors_start = .
 *(.dtors)
                0x00000054                __dtors_end = .
 SORT(*)(.ctors)
 SORT(*)(.dtors)
 *(.init0)
 .init0         0x00000054        0x0 e:/courses/embeeded system iti/iti training programms/atmel studio/extensions/atmel/avrgcc/3.4.1.95/avrtoolchain/bin/../lib/gcc/avr/4.6.2/../../../../avr/lib/avr5/crtm32.o
                0x00000054                __init
 *(.init0)
 *(.init1)
 *(.init1)
 *(.init2)
 .init2         0x00000054        0xc e:/courses/embeeded system iti/iti training programms/atmel studio/extensions/atmel/avrgcc/3.4.1.95/avrtoolchain/bin/../lib/gcc/avr/4.6.2/../../../../avr/lib/avr5/crtm32.o
 *(.init2)
 *(.init3)
 *(.init3)
 *(.init4)
 .init4         0x00000060       0x16 e:/courses/embeeded system iti/iti training programms/atmel studio/extensions/atmel/avrgcc/3.4.1.95/avrtoolchain/bin/../lib/gcc/avr/4.6.2/avr5\libgcc.a(_copy_data.o)
                0x00000060                __do_copy_data
 .init4         0x00000076       0x10 e:/courses/embeeded system iti/iti training programms/atmel studio/extensions/atmel/avrgcc/3.4.1.95/avrtoolchain/bin/../lib/gcc/avr/4.6.2/avr5\libgcc.a(_clear_bss.o)
                0x00000076                __do_clear_bss
 *(.init4)
 *(.init5)
 *(.init5)
 *(.init6)
 *(.init6)
 *(.init7)
 *(.init7)
 *(.init8)
 *(.init8)
 *(.init9)
 .init9         0x00000086        0x8 e:/courses/embeeded system iti/iti training programms/atmel studio/extensions/atmel/avrgcc/3.4.1.95/avrtoolchain/bin/../lib/gcc/avr/4.6.2/../../../../avr/lib/avr5/crtm32.o
 *(.init9)
 *(.text)
 .text          0x0000008e        0x4 e:/courses/embeeded system iti/iti training programms/atmel studio/extensions/atmel/avrgcc/3.4.1.95/avrtoolchain/bin/../lib/gcc/avr/4.6.2/../../../../avr/lib/avr5/crtm32.o
                0x0000008e                __vector_1
                0x0000008e                __vector_12
                0x0000008e                __bad_interrupt
                0x0000008e                __vector_6
                0x0000008e                __vector_3
                0x0000008e                __vector_11
                0x0000008e                __vector_13
                0x0000008e                __vector_17
                0x0000008e                __vector_19
                0x0000008e                __vector_7
                0x0000008e                __vector_5
                0x0000008e                __vector_4
                0x0000008e                __vector_9
                0x0000008e                __vector_2
                0x0000008e                __vector_15
                0x0000008e                __vector_8
                0x0000008e                __vector_14
                0x0000008e                __vector_10
                0x0000008e                __vector_16
                0x0000008e                __vector_18
                0x0000008e                __vector_20
 .text          0x00000092      0x350 App/Smart Calculator.o
                0x00000092                main
 .text          0x000003e2        0x0 HAL/KeyPad/KEYPAD_cfg.o
 .text          0x000003e2      0x156 HAL/KeyPad/KEYPAD_prg.o
                0x000003e2                KEYPAD_vidInit
                0x000003e8                KEYPAD_enuGetPressedKey
 .text          0x00000538      0x4e4 HAL/LCD/LCD_prg.o
                0x0000055a                LCD_enuSendCharacter
                0x00000620                LCD_enuSendInstruction
                0x000006e8                LCD_VidInit
                0x00000744                LCD_enuGoTo
                0x0000077a                LCD_enuSendString
                0x000007a4                LCD_enuSendCustomCharacter
                0x0000082c                LCD_enuSendNumber
                0x000008ea                LCD_vidPrintMyName
 .text          0x00000a1c        0x6 HAL/PORT/PORT_prg.o
                0x00000a1c                PORT_vidInit
 .text          0x00000a22      0x358 MCAL/DIO/DIO_prg.o
                0x00000a22                DIO_vidInit
                0x00000a3e                DIO_enuSetPinValue
                0x00000b6a                DIO_enuGetPinValue
                0x00000c12                DIO_enuSetPortValue
                0x00000c48                DIO_enuGetPortValue
                0x00000c98                DIO_enuTogglePort
                0x00000cde                DIO_enuTogglePin
 .text          0x00000d7a        0x0 e:/courses/embeeded system iti/iti training programms/atmel studio/extensions/atmel/avrgcc/3.4.1.95/avrtoolchain/bin/../lib/gcc/avr/4.6.2/../../../../avr/lib/avr5\libm.a(addsf3.o)
 .text          0x00000d7a        0x0 e:/courses/embeeded system iti/iti training programms/atmel studio/extensions/atmel/avrgcc/3.4.1.95/avrtoolchain/bin/../lib/gcc/avr/4.6.2/../../../../avr/lib/avr5\libm.a(addsf3x.o)
 .text          0x00000d7a        0x0 e:/courses/embeeded system iti/iti training programms/atmel studio/extensions/atmel/avrgcc/3.4.1.95/avrtoolchain/bin/../lib/gcc/avr/4.6.2/../../../../avr/lib/avr5\libm.a(cmpsf2.o)
 .text          0x00000d7a        0x0 e:/courses/embeeded system iti/iti training programms/atmel studio/extensions/atmel/avrgcc/3.4.1.95/avrtoolchain/bin/../lib/gcc/avr/4.6.2/../../../../avr/lib/avr5\libm.a(divsf3.o)
 .text          0x00000d7a        0x0 e:/courses/embeeded system iti/iti training programms/atmel studio/extensions/atmel/avrgcc/3.4.1.95/avrtoolchain/bin/../lib/gcc/avr/4.6.2/../../../../avr/lib/avr5\libm.a(divsf3x.o)
 .text          0x00000d7a        0x0 e:/courses/embeeded system iti/iti training programms/atmel studio/extensions/atmel/avrgcc/3.4.1.95/avrtoolchain/bin/../lib/gcc/avr/4.6.2/../../../../avr/lib/avr5\libm.a(fixunssfsi.o)
 .text          0x00000d7a        0x0 e:/courses/embeeded system iti/iti training programms/atmel studio/extensions/atmel/avrgcc/3.4.1.95/avrtoolchain/bin/../lib/gcc/avr/4.6.2/../../../../avr/lib/avr5\libm.a(floatsisf.o)
 .text          0x00000d7a        0x0 e:/courses/embeeded system iti/iti training programms/atmel studio/extensions/atmel/avrgcc/3.4.1.95/avrtoolchain/bin/../lib/gcc/avr/4.6.2/../../../../avr/lib/avr5\libm.a(fp_cmp.o)
 .text          0x00000d7a        0x0 e:/courses/embeeded system iti/iti training programms/atmel studio/extensions/atmel/avrgcc/3.4.1.95/avrtoolchain/bin/../lib/gcc/avr/4.6.2/../../../../avr/lib/avr5\libm.a(fp_inf.o)
 .text          0x00000d7a        0x0 e:/courses/embeeded system iti/iti training programms/atmel studio/extensions/atmel/avrgcc/3.4.1.95/avrtoolchain/bin/../lib/gcc/avr/4.6.2/../../../../avr/lib/avr5\libm.a(fp_nan.o)
 .text          0x00000d7a        0x0 e:/courses/embeeded system iti/iti training programms/atmel studio/extensions/atmel/avrgcc/3.4.1.95/avrtoolchain/bin/../lib/gcc/avr/4.6.2/../../../../avr/lib/avr5\libm.a(fp_pscA.o)
 .text          0x00000d7a        0x0 e:/courses/embeeded system iti/iti training programms/atmel studio/extensions/atmel/avrgcc/3.4.1.95/avrtoolchain/bin/../lib/gcc/avr/4.6.2/../../../../avr/lib/avr5\libm.a(fp_pscB.o)
 .text          0x00000d7a        0x0 e:/courses/embeeded system iti/iti training programms/atmel studio/extensions/atmel/avrgcc/3.4.1.95/avrtoolchain/bin/../lib/gcc/avr/4.6.2/../../../../avr/lib/avr5\libm.a(fp_round.o)
 .text          0x00000d7a        0x0 e:/courses/embeeded system iti/iti training programms/atmel studio/extensions/atmel/avrgcc/3.4.1.95/avrtoolchain/bin/../lib/gcc/avr/4.6.2/../../../../avr/lib/avr5\libm.a(fp_split3.o)
 .text          0x00000d7a        0x0 e:/courses/embeeded system iti/iti training programms/atmel studio/extensions/atmel/avrgcc/3.4.1.95/avrtoolchain/bin/../lib/gcc/avr/4.6.2/../../../../avr/lib/avr5\libm.a(fp_zero.o)
 .text          0x00000d7a        0x0 e:/courses/embeeded system iti/iti training programms/atmel studio/extensions/atmel/avrgcc/3.4.1.95/avrtoolchain/bin/../lib/gcc/avr/4.6.2/../../../../avr/lib/avr5\libm.a(mulsf3.o)
 .text          0x00000d7a        0x0 e:/courses/embeeded system iti/iti training programms/atmel studio/extensions/atmel/avrgcc/3.4.1.95/avrtoolchain/bin/../lib/gcc/avr/4.6.2/../../../../avr/lib/avr5\libm.a(mulsf3x.o)
 .text          0x00000d7a        0x0 e:/courses/embeeded system iti/iti training programms/atmel studio/extensions/atmel/avrgcc/3.4.1.95/avrtoolchain/bin/../lib/gcc/avr/4.6.2/avr5\libgcc.a(_udivmodsi4.o)
 .text          0x00000d7a        0x0 e:/courses/embeeded system iti/iti training programms/atmel studio/extensions/atmel/avrgcc/3.4.1.95/avrtoolchain/bin/../lib/gcc/avr/4.6.2/avr5\libgcc.a(_exit.o)
 .text          0x00000d7a        0x0 e:/courses/embeeded system iti/iti training programms/atmel studio/extensions/atmel/avrgcc/3.4.1.95/avrtoolchain/bin/../lib/gcc/avr/4.6.2/avr5\libgcc.a(_copy_data.o)
 .text          0x00000d7a        0x0 e:/courses/embeeded system iti/iti training programms/atmel studio/extensions/atmel/avrgcc/3.4.1.95/avrtoolchain/bin/../lib/gcc/avr/4.6.2/avr5\libgcc.a(_clear_bss.o)
                0x00000d7a                . = ALIGN (0x2)
 *(.text.*)
 .text.avr-libc.fplib
                0x00000d7a        0xa e:/courses/embeeded system iti/iti training programms/atmel studio/extensions/atmel/avrgcc/3.4.1.95/avrtoolchain/bin/../lib/gcc/avr/4.6.2/../../../../avr/lib/avr5\libm.a(addsf3.o)
                0x00000d7a                __subsf3
                0x00000d7c                __addsf3
 .text.avr-libc.fplib
                0x00000d84       0xc0 e:/courses/embeeded system iti/iti training programms/atmel studio/extensions/atmel/avrgcc/3.4.1.95/avrtoolchain/bin/../lib/gcc/avr/4.6.2/../../../../avr/lib/avr5\libm.a(addsf3x.o)
                0x00000d9e                __addsf3x
 .text.avr-libc.fplib
                0x00000e44        0x8 e:/courses/embeeded system iti/iti training programms/atmel studio/extensions/atmel/avrgcc/3.4.1.95/avrtoolchain/bin/../lib/gcc/avr/4.6.2/../../../../avr/lib/avr5\libm.a(cmpsf2.o)
                0x00000e44                __nesf2
                0x00000e44                __eqsf2
                0x00000e44                __cmpsf2
                0x00000e44                __ltsf2
                0x00000e44                __lesf2
 .text.avr-libc.fplib
                0x00000e4c        0x4 e:/courses/embeeded system iti/iti training programms/atmel studio/extensions/atmel/avrgcc/3.4.1.95/avrtoolchain/bin/../lib/gcc/avr/4.6.2/../../../../avr/lib/avr5\libm.a(divsf3.o)
                0x00000e4c                __divsf3
 .text.avr-libc.fplib
                0x00000e50       0xcc e:/courses/embeeded system iti/iti training programms/atmel studio/extensions/atmel/avrgcc/3.4.1.95/avrtoolchain/bin/../lib/gcc/avr/4.6.2/../../../../avr/lib/avr5\libm.a(divsf3x.o)
                0x00000e66                __divsf3x
                0x00000e6a                __divsf3_pse
 .text.avr-libc.fplib
                0x00000f1c       0x58 e:/courses/embeeded system iti/iti training programms/atmel studio/extensions/atmel/avrgcc/3.4.1.95/avrtoolchain/bin/../lib/gcc/avr/4.6.2/../../../../avr/lib/avr5\libm.a(fixunssfsi.o)
                0x00000f1c                __fixunssfsi
 .text.avr-libc.fplib
                0x00000f74       0x7a e:/courses/embeeded system iti/iti training programms/atmel studio/extensions/atmel/avrgcc/3.4.1.95/avrtoolchain/bin/../lib/gcc/avr/4.6.2/../../../../avr/lib/avr5\libm.a(floatsisf.o)
                0x00000f74                __floatunsisf
                0x00000f78                __floatsisf
 .text.avr-libc.fplib
                0x00000fee       0x48 e:/courses/embeeded system iti/iti training programms/atmel studio/extensions/atmel/avrgcc/3.4.1.95/avrtoolchain/bin/../lib/gcc/avr/4.6.2/../../../../avr/lib/avr5\libm.a(fp_cmp.o)
                0x00000fee                __fp_cmp
 .text.avr-libc.fplib
                0x00001036        0xc e:/courses/embeeded system iti/iti training programms/atmel studio/extensions/atmel/avrgcc/3.4.1.95/avrtoolchain/bin/../lib/gcc/avr/4.6.2/../../../../avr/lib/avr5\libm.a(fp_inf.o)
                0x00001036                __fp_inf
 .text.avr-libc.fplib
                0x00001042        0x6 e:/courses/embeeded system iti/iti training programms/atmel studio/extensions/atmel/avrgcc/3.4.1.95/avrtoolchain/bin/../lib/gcc/avr/4.6.2/../../../../avr/lib/avr5\libm.a(fp_nan.o)
                0x00001042                __fp_nan
 .text.avr-libc.fplib
                0x00001048        0xe e:/courses/embeeded system iti/iti training programms/atmel studio/extensions/atmel/avrgcc/3.4.1.95/avrtoolchain/bin/../lib/gcc/avr/4.6.2/../../../../avr/lib/avr5\libm.a(fp_pscA.o)
                0x00001048                __fp_pscA
 .text.avr-libc.fplib
                0x00001056        0xe e:/courses/embeeded system iti/iti training programms/atmel studio/extensions/atmel/avrgcc/3.4.1.95/avrtoolchain/bin/../lib/gcc/avr/4.6.2/../../../../avr/lib/avr5\libm.a(fp_pscB.o)
                0x00001056                __fp_pscB
 .text.avr-libc.fplib
                0x00001064       0x22 e:/courses/embeeded system iti/iti training programms/atmel studio/extensions/atmel/avrgcc/3.4.1.95/avrtoolchain/bin/../lib/gcc/avr/4.6.2/../../../../avr/lib/avr5\libm.a(fp_round.o)
                0x00001064                __fp_round
 .text.avr-libc.fplib
                0x00001086       0x44 e:/courses/embeeded system iti/iti training programms/atmel studio/extensions/atmel/avrgcc/3.4.1.95/avrtoolchain/bin/../lib/gcc/avr/4.6.2/../../../../avr/lib/avr5\libm.a(fp_split3.o)
                0x00001086                __fp_split3
                0x00001096                __fp_splitA
 .text.avr-libc.fplib
                0x000010ca        0xe e:/courses/embeeded system iti/iti training programms/atmel studio/extensions/atmel/avrgcc/3.4.1.95/avrtoolchain/bin/../lib/gcc/avr/4.6.2/../../../../avr/lib/avr5\libm.a(fp_zero.o)
                0x000010ca                __fp_zero
                0x000010cc                __fp_szero
 .text.avr-libc.fplib
                0x000010d8        0x4 e:/courses/embeeded system iti/iti training programms/atmel studio/extensions/atmel/avrgcc/3.4.1.95/avrtoolchain/bin/../lib/gcc/avr/4.6.2/../../../../avr/lib/avr5\libm.a(mulsf3.o)
                0x000010d8                __mulsf3
 .text.avr-libc.fplib
                0x000010dc       0xc2 e:/courses/embeeded system iti/iti training programms/atmel studio/extensions/atmel/avrgcc/3.4.1.95/avrtoolchain/bin/../lib/gcc/avr/4.6.2/../../../../avr/lib/avr5\libm.a(mulsf3x.o)
                0x000010f0                __mulsf3x
                0x000010f4                __mulsf3_pse
 .text.libgcc   0x0000119e       0x44 e:/courses/embeeded system iti/iti training programms/atmel studio/extensions/atmel/avrgcc/3.4.1.95/avrtoolchain/bin/../lib/gcc/avr/4.6.2/avr5\libgcc.a(_udivmodsi4.o)
                0x0000119e                __udivmodsi4
 .text.libgcc   0x000011e2        0x0 e:/courses/embeeded system iti/iti training programms/atmel studio/extensions/atmel/avrgcc/3.4.1.95/avrtoolchain/bin/../lib/gcc/avr/4.6.2/avr5\libgcc.a(_exit.o)
 .text.libgcc   0x000011e2        0x0 e:/courses/embeeded system iti/iti training programms/atmel studio/extensions/atmel/avrgcc/3.4.1.95/avrtoolchain/bin/../lib/gcc/avr/4.6.2/avr5\libgcc.a(_copy_data.o)
 .text.libgcc   0x000011e2        0x0 e:/courses/embeeded system iti/iti training programms/atmel studio/extensions/atmel/avrgcc/3.4.1.95/avrtoolchain/bin/../lib/gcc/avr/4.6.2/avr5\libgcc.a(_clear_bss.o)
                0x000011e2                . = ALIGN (0x2)
 *(.fini9)
 .fini9         0x000011e2        0x0 e:/courses/embeeded system iti/iti training programms/atmel studio/extensions/atmel/avrgcc/3.4.1.95/avrtoolchain/bin/../lib/gcc/avr/4.6.2/avr5\libgcc.a(_exit.o)
                0x000011e2                _exit
                0x000011e2                exit
 *(.fini9)
 *(.fini8)
 *(.fini8)
 *(.fini7)
 *(.fini7)
 *(.fini6)
 *(.fini6)
 *(.fini5)
 *(.fini5)
 *(.fini4)
 *(.fini4)
 *(.fini3)
 *(.fini3)
 *(.fini2)
 *(.fini2)
 *(.fini1)
 *(.fini1)
 *(.fini0)
 .fini0         0x000011e2        0x4 e:/courses/embeeded system iti/iti training programms/atmel studio/extensions/atmel/avrgcc/3.4.1.95/avrtoolchain/bin/../lib/gcc/avr/4.6.2/avr5\libgcc.a(_exit.o)
 *(.fini0)
                0x000011e6                _etext = .

.data           0x00800060       0x32 load address 0x000011e6
                0x00800060                PROVIDE (__data_start, .)
 *(.data)
 .data          0x00800060        0x0 e:/courses/embeeded system iti/iti training programms/atmel studio/extensions/atmel/avrgcc/3.4.1.95/avrtoolchain/bin/../lib/gcc/avr/4.6.2/../../../../avr/lib/avr5/crtm32.o
 .data          0x00800060       0x10 App/Smart Calculator.o
 .data          0x00800070       0x22 HAL/KeyPad/KEYPAD_cfg.o
                0x00800070                KEYPAD_au8ColsPORT
                0x00800074                KEYPAD_au8ColsPins
                0x00800078                KEYPAD_au8RowsPORT
                0x0080007c                KEYPAD_au8RowsPins
                0x00800080                KEYPAD_au8Buttons
                0x00800090                col
                0x00800091                row
 .data          0x00800092        0x0 HAL/KeyPad/KEYPAD_prg.o
 .data          0x00800092        0x0 HAL/LCD/LCD_prg.o
 .data          0x00800092        0x0 HAL/PORT/PORT_prg.o
 .data          0x00800092        0x0 MCAL/DIO/DIO_prg.o
 .data          0x00800092        0x0 e:/courses/embeeded system iti/iti training programms/atmel studio/extensions/atmel/avrgcc/3.4.1.95/avrtoolchain/bin/../lib/gcc/avr/4.6.2/../../../../avr/lib/avr5\libm.a(addsf3.o)
 .data          0x00800092        0x0 e:/courses/embeeded system iti/iti training programms/atmel studio/extensions/atmel/avrgcc/3.4.1.95/avrtoolchain/bin/../lib/gcc/avr/4.6.2/../../../../avr/lib/avr5\libm.a(addsf3x.o)
 .data          0x00800092        0x0 e:/courses/embeeded system iti/iti training programms/atmel studio/extensions/atmel/avrgcc/3.4.1.95/avrtoolchain/bin/../lib/gcc/avr/4.6.2/../../../../avr/lib/avr5\libm.a(cmpsf2.o)
 .data          0x00800092        0x0 e:/courses/embeeded system iti/iti training programms/atmel studio/extensions/atmel/avrgcc/3.4.1.95/avrtoolchain/bin/../lib/gcc/avr/4.6.2/../../../../avr/lib/avr5\libm.a(divsf3.o)
 .data          0x00800092        0x0 e:/courses/embeeded system iti/iti training programms/atmel studio/extensions/atmel/avrgcc/3.4.1.95/avrtoolchain/bin/../lib/gcc/avr/4.6.2/../../../../avr/lib/avr5\libm.a(divsf3x.o)
 .data          0x00800092        0x0 e:/courses/embeeded system iti/iti training programms/atmel studio/extensions/atmel/avrgcc/3.4.1.95/avrtoolchain/bin/../lib/gcc/avr/4.6.2/../../../../avr/lib/avr5\libm.a(fixunssfsi.o)
 .data          0x00800092        0x0 e:/courses/embeeded system iti/iti training programms/atmel studio/extensions/atmel/avrgcc/3.4.1.95/avrtoolchain/bin/../lib/gcc/avr/4.6.2/../../../../avr/lib/avr5\libm.a(floatsisf.o)
 .data          0x00800092        0x0 e:/courses/embeeded system iti/iti training programms/atmel studio/extensions/atmel/avrgcc/3.4.1.95/avrtoolchain/bin/../lib/gcc/avr/4.6.2/../../../../avr/lib/avr5\libm.a(fp_cmp.o)
 .data          0x00800092        0x0 e:/courses/embeeded system iti/iti training programms/atmel studio/extensions/atmel/avrgcc/3.4.1.95/avrtoolchain/bin/../lib/gcc/avr/4.6.2/../../../../avr/lib/avr5\libm.a(fp_inf.o)
 .data          0x00800092        0x0 e:/courses/embeeded system iti/iti training programms/atmel studio/extensions/atmel/avrgcc/3.4.1.95/avrtoolchain/bin/../lib/gcc/avr/4.6.2/../../../../avr/lib/avr5\libm.a(fp_nan.o)
 .data          0x00800092        0x0 e:/courses/embeeded system iti/iti training programms/atmel studio/extensions/atmel/avrgcc/3.4.1.95/avrtoolchain/bin/../lib/gcc/avr/4.6.2/../../../../avr/lib/avr5\libm.a(fp_pscA.o)
 .data          0x00800092        0x0 e:/courses/embeeded system iti/iti training programms/atmel studio/extensions/atmel/avrgcc/3.4.1.95/avrtoolchain/bin/../lib/gcc/avr/4.6.2/../../../../avr/lib/avr5\libm.a(fp_pscB.o)
 .data          0x00800092        0x0 e:/courses/embeeded system iti/iti training programms/atmel studio/extensions/atmel/avrgcc/3.4.1.95/avrtoolchain/bin/../lib/gcc/avr/4.6.2/../../../../avr/lib/avr5\libm.a(fp_round.o)
 .data          0x00800092        0x0 e:/courses/embeeded system iti/iti training programms/atmel studio/extensions/atmel/avrgcc/3.4.1.95/avrtoolchain/bin/../lib/gcc/avr/4.6.2/../../../../avr/lib/avr5\libm.a(fp_split3.o)
 .data          0x00800092        0x0 e:/courses/embeeded system iti/iti training programms/atmel studio/extensions/atmel/avrgcc/3.4.1.95/avrtoolchain/bin/../lib/gcc/avr/4.6.2/../../../../avr/lib/avr5\libm.a(fp_zero.o)
 .data          0x00800092        0x0 e:/courses/embeeded system iti/iti training programms/atmel studio/extensions/atmel/avrgcc/3.4.1.95/avrtoolchain/bin/../lib/gcc/avr/4.6.2/../../../../avr/lib/avr5\libm.a(mulsf3.o)
 .data          0x00800092        0x0 e:/courses/embeeded system iti/iti training programms/atmel studio/extensions/atmel/avrgcc/3.4.1.95/avrtoolchain/bin/../lib/gcc/avr/4.6.2/../../../../avr/lib/avr5\libm.a(mulsf3x.o)
 .data          0x00800092        0x0 e:/courses/embeeded system iti/iti training programms/atmel studio/extensions/atmel/avrgcc/3.4.1.95/avrtoolchain/bin/../lib/gcc/avr/4.6.2/avr5\libgcc.a(_udivmodsi4.o)
 .data          0x00800092        0x0 e:/courses/embeeded system iti/iti training programms/atmel studio/extensions/atmel/avrgcc/3.4.1.95/avrtoolchain/bin/../lib/gcc/avr/4.6.2/avr5\libgcc.a(_exit.o)
 .data          0x00800092        0x0 e:/courses/embeeded system iti/iti training programms/atmel studio/extensions/atmel/avrgcc/3.4.1.95/avrtoolchain/bin/../lib/gcc/avr/4.6.2/avr5\libgcc.a(_copy_data.o)
 .data          0x00800092        0x0 e:/courses/embeeded system iti/iti training programms/atmel studio/extensions/atmel/avrgcc/3.4.1.95/avrtoolchain/bin/../lib/gcc/avr/4.6.2/avr5\libgcc.a(_clear_bss.o)
 *(.data*)
 *(.rodata)
 *(.rodata*)
 *(.gnu.linkonce.d*)
                0x00800092                . = ALIGN (0x2)
                0x00800092                _edata = .
                0x00800092                PROVIDE (__data_end, .)

.bss            0x00800092        0x0
                0x00800092                PROVIDE (__bss_start, .)
 *(.bss)
 .bss           0x00800092        0x0 e:/courses/embeeded system iti/iti training programms/atmel studio/extensions/atmel/avrgcc/3.4.1.95/avrtoolchain/bin/../lib/gcc/avr/4.6.2/../../../../avr/lib/avr5/crtm32.o
 .bss           0x00800092        0x0 App/Smart Calculator.o
 .bss           0x00800092        0x0 HAL/KeyPad/KEYPAD_cfg.o
 .bss           0x00800092        0x0 HAL/KeyPad/KEYPAD_prg.o
 .bss           0x00800092        0x0 HAL/LCD/LCD_prg.o
 .bss           0x00800092        0x0 HAL/PORT/PORT_prg.o
 .bss           0x00800092        0x0 MCAL/DIO/DIO_prg.o
 .bss           0x00800092        0x0 e:/courses/embeeded system iti/iti training programms/atmel studio/extensions/atmel/avrgcc/3.4.1.95/avrtoolchain/bin/../lib/gcc/avr/4.6.2/../../../../avr/lib/avr5\libm.a(addsf3.o)
 .bss           0x00800092        0x0 e:/courses/embeeded system iti/iti training programms/atmel studio/extensions/atmel/avrgcc/3.4.1.95/avrtoolchain/bin/../lib/gcc/avr/4.6.2/../../../../avr/lib/avr5\libm.a(addsf3x.o)
 .bss           0x00800092        0x0 e:/courses/embeeded system iti/iti training programms/atmel studio/extensions/atmel/avrgcc/3.4.1.95/avrtoolchain/bin/../lib/gcc/avr/4.6.2/../../../../avr/lib/avr5\libm.a(cmpsf2.o)
 .bss           0x00800092        0x0 e:/courses/embeeded system iti/iti training programms/atmel studio/extensions/atmel/avrgcc/3.4.1.95/avrtoolchain/bin/../lib/gcc/avr/4.6.2/../../../../avr/lib/avr5\libm.a(divsf3.o)
 .bss           0x00800092        0x0 e:/courses/embeeded system iti/iti training programms/atmel studio/extensions/atmel/avrgcc/3.4.1.95/avrtoolchain/bin/../lib/gcc/avr/4.6.2/../../../../avr/lib/avr5\libm.a(divsf3x.o)
 .bss           0x00800092        0x0 e:/courses/embeeded system iti/iti training programms/atmel studio/extensions/atmel/avrgcc/3.4.1.95/avrtoolchain/bin/../lib/gcc/avr/4.6.2/../../../../avr/lib/avr5\libm.a(fixunssfsi.o)
 .bss           0x00800092        0x0 e:/courses/embeeded system iti/iti training programms/atmel studio/extensions/atmel/avrgcc/3.4.1.95/avrtoolchain/bin/../lib/gcc/avr/4.6.2/../../../../avr/lib/avr5\libm.a(floatsisf.o)
 .bss           0x00800092        0x0 e:/courses/embeeded system iti/iti training programms/atmel studio/extensions/atmel/avrgcc/3.4.1.95/avrtoolchain/bin/../lib/gcc/avr/4.6.2/../../../../avr/lib/avr5\libm.a(fp_cmp.o)
 .bss           0x00800092        0x0 e:/courses/embeeded system iti/iti training programms/atmel studio/extensions/atmel/avrgcc/3.4.1.95/avrtoolchain/bin/../lib/gcc/avr/4.6.2/../../../../avr/lib/avr5\libm.a(fp_inf.o)
 .bss           0x00800092        0x0 e:/courses/embeeded system iti/iti training programms/atmel studio/extensions/atmel/avrgcc/3.4.1.95/avrtoolchain/bin/../lib/gcc/avr/4.6.2/../../../../avr/lib/avr5\libm.a(fp_nan.o)
 .bss           0x00800092        0x0 e:/courses/embeeded system iti/iti training programms/atmel studio/extensions/atmel/avrgcc/3.4.1.95/avrtoolchain/bin/../lib/gcc/avr/4.6.2/../../../../avr/lib/avr5\libm.a(fp_pscA.o)
 .bss           0x00800092        0x0 e:/courses/embeeded system iti/iti training programms/atmel studio/extensions/atmel/avrgcc/3.4.1.95/avrtoolchain/bin/../lib/gcc/avr/4.6.2/../../../../avr/lib/avr5\libm.a(fp_pscB.o)
 .bss           0x00800092        0x0 e:/courses/embeeded system iti/iti training programms/atmel studio/extensions/atmel/avrgcc/3.4.1.95/avrtoolchain/bin/../lib/gcc/avr/4.6.2/../../../../avr/lib/avr5\libm.a(fp_round.o)
 .bss           0x00800092        0x0 e:/courses/embeeded system iti/iti training programms/atmel studio/extensions/atmel/avrgcc/3.4.1.95/avrtoolchain/bin/../lib/gcc/avr/4.6.2/../../../../avr/lib/avr5\libm.a(fp_split3.o)
 .bss           0x00800092        0x0 e:/courses/embeeded system iti/iti training programms/atmel studio/extensions/atmel/avrgcc/3.4.1.95/avrtoolchain/bin/../lib/gcc/avr/4.6.2/../../../../avr/lib/avr5\libm.a(fp_zero.o)
 .bss           0x00800092        0x0 e:/courses/embeeded system iti/iti training programms/atmel studio/extensions/atmel/avrgcc/3.4.1.95/avrtoolchain/bin/../lib/gcc/avr/4.6.2/../../../../avr/lib/avr5\libm.a(mulsf3.o)
 .bss           0x00800092        0x0 e:/courses/embeeded system iti/iti training programms/atmel studio/extensions/atmel/avrgcc/3.4.1.95/avrtoolchain/bin/../lib/gcc/avr/4.6.2/../../../../avr/lib/avr5\libm.a(mulsf3x.o)
 .bss           0x00800092        0x0 e:/courses/embeeded system iti/iti training programms/atmel studio/extensions/atmel/avrgcc/3.4.1.95/avrtoolchain/bin/../lib/gcc/avr/4.6.2/avr5\libgcc.a(_udivmodsi4.o)
 .bss           0x00800092        0x0 e:/courses/embeeded system iti/iti training programms/atmel studio/extensions/atmel/avrgcc/3.4.1.95/avrtoolchain/bin/../lib/gcc/avr/4.6.2/avr5\libgcc.a(_exit.o)
 .bss           0x00800092        0x0 e:/courses/embeeded system iti/iti training programms/atmel studio/extensions/atmel/avrgcc/3.4.1.95/avrtoolchain/bin/../lib/gcc/avr/4.6.2/avr5\libgcc.a(_copy_data.o)
 .bss           0x00800092        0x0 e:/courses/embeeded system iti/iti training programms/atmel studio/extensions/atmel/avrgcc/3.4.1.95/avrtoolchain/bin/../lib/gcc/avr/4.6.2/avr5\libgcc.a(_clear_bss.o)
 *(.bss*)
 *(COMMON)
                0x00800092                PROVIDE (__bss_end, .)
                0x000011e6                __data_load_start = LOADADDR (.data)
                0x00001218                __data_load_end = (__data_load_start + SIZEOF (.data))

.noinit         0x00800092        0x0
                0x00800092                PROVIDE (__noinit_start, .)
 *(.noinit*)
                0x00800092                PROVIDE (__noinit_end, .)
                0x00800092                _end = .
                0x00800092                PROVIDE (__heap_start, .)

.eeprom         0x00810000        0x0
 *(.eeprom*)
                0x00810000                __eeprom_end = .

.fuse
 *(.fuse)
 *(.lfuse)
 *(.hfuse)
 *(.efuse)

.lock
 *(.lock*)

.signature
 *(.signature*)

.stab           0x00000000     0x2370
 *(.stab)
 .stab          0x00000000      0x6cc e:/courses/embeeded system iti/iti training programms/atmel studio/extensions/atmel/avrgcc/3.4.1.95/avrtoolchain/bin/../lib/gcc/avr/4.6.2/../../../../avr/lib/avr5/crtm32.o
 .stab          0x000006cc       0x78 e:/courses/embeeded system iti/iti training programms/atmel studio/extensions/atmel/avrgcc/3.4.1.95/avrtoolchain/bin/../lib/gcc/avr/4.6.2/../../../../avr/lib/avr5\libm.a(addsf3.o)
                                 0x84 (size before relaxing)
 .stab          0x00000744      0x4bc e:/courses/embeeded system iti/iti training programms/atmel studio/extensions/atmel/avrgcc/3.4.1.95/avrtoolchain/bin/../lib/gcc/avr/4.6.2/../../../../avr/lib/avr5\libm.a(addsf3x.o)
                                0x4c8 (size before relaxing)
 .stab          0x00000c00       0x90 e:/courses/embeeded system iti/iti training programms/atmel studio/extensions/atmel/avrgcc/3.4.1.95/avrtoolchain/bin/../lib/gcc/avr/4.6.2/../../../../avr/lib/avr5\libm.a(cmpsf2.o)
                                 0x9c (size before relaxing)
 .stab          0x00000c90       0x48 e:/courses/embeeded system iti/iti training programms/atmel studio/extensions/atmel/avrgcc/3.4.1.95/avrtoolchain/bin/../lib/gcc/avr/4.6.2/../../../../avr/lib/avr5\libm.a(divsf3.o)
                                 0x54 (size before relaxing)
 .stab          0x00000cd8      0x510 e:/courses/embeeded system iti/iti training programms/atmel studio/extensions/atmel/avrgcc/3.4.1.95/avrtoolchain/bin/../lib/gcc/avr/4.6.2/../../../../avr/lib/avr5\libm.a(divsf3x.o)
                                0x51c (size before relaxing)
 .stab          0x000011e8      0x240 e:/courses/embeeded system iti/iti training programms/atmel studio/extensions/atmel/avrgcc/3.4.1.95/avrtoolchain/bin/../lib/gcc/avr/4.6.2/../../../../avr/lib/avr5\libm.a(fixunssfsi.o)
                                0x24c (size before relaxing)
 .stab          0x00001428      0x318 e:/courses/embeeded system iti/iti training programms/atmel studio/extensions/atmel/avrgcc/3.4.1.95/avrtoolchain/bin/../lib/gcc/avr/4.6.2/../../../../avr/lib/avr5\libm.a(floatsisf.o)
                                0x324 (size before relaxing)
 .stab          0x00001740      0x1e0 e:/courses/embeeded system iti/iti training programms/atmel studio/extensions/atmel/avrgcc/3.4.1.95/avrtoolchain/bin/../lib/gcc/avr/4.6.2/../../../../avr/lib/avr5\libm.a(fp_cmp.o)
                                0x1ec (size before relaxing)
 .stab          0x00001920       0x78 e:/courses/embeeded system iti/iti training programms/atmel studio/extensions/atmel/avrgcc/3.4.1.95/avrtoolchain/bin/../lib/gcc/avr/4.6.2/../../../../avr/lib/avr5\libm.a(fp_inf.o)
                                 0x84 (size before relaxing)
 .stab          0x00001998       0x54 e:/courses/embeeded system iti/iti training programms/atmel studio/extensions/atmel/avrgcc/3.4.1.95/avrtoolchain/bin/../lib/gcc/avr/4.6.2/../../../../avr/lib/avr5\libm.a(fp_nan.o)
                                 0x60 (size before relaxing)
 .stab          0x000019ec       0x84 e:/courses/embeeded system iti/iti training programms/atmel studio/extensions/atmel/avrgcc/3.4.1.95/avrtoolchain/bin/../lib/gcc/avr/4.6.2/../../../../avr/lib/avr5\libm.a(fp_pscA.o)
                                 0x90 (size before relaxing)
 .stab          0x00001a70       0x84 e:/courses/embeeded system iti/iti training programms/atmel studio/extensions/atmel/avrgcc/3.4.1.95/avrtoolchain/bin/../lib/gcc/avr/4.6.2/../../../../avr/lib/avr5\libm.a(fp_pscB.o)
                                 0x90 (size before relaxing)
 .stab          0x00001af4       0xfc e:/courses/embeeded system iti/iti training programms/atmel studio/extensions/atmel/avrgcc/3.4.1.95/avrtoolchain/bin/../lib/gcc/avr/4.6.2/../../../../avr/lib/avr5\libm.a(fp_round.o)
                                0x108 (size before relaxing)
 .stab          0x00001bf0      0x1d4 e:/courses/embeeded system iti/iti training programms/atmel studio/extensions/atmel/avrgcc/3.4.1.95/avrtoolchain/bin/../lib/gcc/avr/4.6.2/../../../../avr/lib/avr5\libm.a(fp_split3.o)
                                0x1e0 (size before relaxing)
 .stab          0x00001dc4       0x90 e:/courses/embeeded system iti/iti training programms/atmel studio/extensions/atmel/avrgcc/3.4.1.95/avrtoolchain/bin/../lib/gcc/avr/4.6.2/../../../../avr/lib/avr5\libm.a(fp_zero.o)
                                 0x9c (size before relaxing)
 .stab          0x00001e54       0x48 e:/courses/embeeded system iti/iti training programms/atmel studio/extensions/atmel/avrgcc/3.4.1.95/avrtoolchain/bin/../lib/gcc/avr/4.6.2/../../../../avr/lib/avr5\libm.a(mulsf3.o)
                                 0x54 (size before relaxing)
 .stab          0x00001e9c      0x4d4 e:/courses/embeeded system iti/iti training programms/atmel studio/extensions/atmel/avrgcc/3.4.1.95/avrtoolchain/bin/../lib/gcc/avr/4.6.2/../../../../avr/lib/avr5\libm.a(mulsf3x.o)
                                0x4e0 (size before relaxing)

.stabstr        0x00000000      0x708
 *(.stabstr)
 .stabstr       0x00000000      0x708 e:/courses/embeeded system iti/iti training programms/atmel studio/extensions/atmel/avrgcc/3.4.1.95/avrtoolchain/bin/../lib/gcc/avr/4.6.2/../../../../avr/lib/avr5/crtm32.o

.stab.excl
 *(.stab.excl)

.stab.exclstr
 *(.stab.exclstr)

.stab.index
 *(.stab.index)

.stab.indexstr
 *(.stab.indexstr)

.comment
 *(.comment)

.debug
 *(.debug)

.line
 *(.line)

.debug_srcinfo
 *(.debug_srcinfo)

.debug_sfnames
 *(.debug_sfnames)

.debug_aranges  0x00000000      0x120
 *(.debug_aranges)
 .debug_aranges
                0x00000000       0x20 App/Smart Calculator.o
 .debug_aranges
                0x00000020       0x20 HAL/KeyPad/KEYPAD_prg.o
 .debug_aranges
                0x00000040       0x20 HAL/LCD/LCD_prg.o
 .debug_aranges
                0x00000060       0x20 HAL/PORT/PORT_prg.o
 .debug_aranges
                0x00000080       0x20 MCAL/DIO/DIO_prg.o
 .debug_aranges
                0x000000a0       0x20 e:/courses/embeeded system iti/iti training programms/atmel studio/extensions/atmel/avrgcc/3.4.1.95/avrtoolchain/bin/../lib/gcc/avr/4.6.2/avr5\libgcc.a(_udivmodsi4.o)
 .debug_aranges
                0x000000c0       0x20 e:/courses/embeeded system iti/iti training programms/atmel studio/extensions/atmel/avrgcc/3.4.1.95/avrtoolchain/bin/../lib/gcc/avr/4.6.2/avr5\libgcc.a(_exit.o)
 .debug_aranges
                0x000000e0       0x20 e:/courses/embeeded system iti/iti training programms/atmel studio/extensions/atmel/avrgcc/3.4.1.95/avrtoolchain/bin/../lib/gcc/avr/4.6.2/avr5\libgcc.a(_copy_data.o)
 .debug_aranges
                0x00000100       0x20 e:/courses/embeeded system iti/iti training programms/atmel studio/extensions/atmel/avrgcc/3.4.1.95/avrtoolchain/bin/../lib/gcc/avr/4.6.2/avr5\libgcc.a(_clear_bss.o)

.debug_pubnames
 *(.debug_pubnames)

.debug_info     0x00000000     0x122c
 *(.debug_info)
 .debug_info    0x00000000      0x1e8 App/Smart Calculator.o
 .debug_info    0x000001e8      0x131 HAL/KeyPad/KEYPAD_cfg.o
 .debug_info    0x00000319      0x1b9 HAL/KeyPad/KEYPAD_prg.o
 .debug_info    0x000004d2      0x6f9 HAL/LCD/LCD_prg.o
 .debug_info    0x00000bcb       0x72 HAL/PORT/PORT_prg.o
 .debug_info    0x00000c3d      0x27b MCAL/DIO/DIO_prg.o
 .debug_info    0x00000eb8       0xdd e:/courses/embeeded system iti/iti training programms/atmel studio/extensions/atmel/avrgcc/3.4.1.95/avrtoolchain/bin/../lib/gcc/avr/4.6.2/avr5\libgcc.a(_udivmodsi4.o)
 .debug_info    0x00000f95       0xdd e:/courses/embeeded system iti/iti training programms/atmel studio/extensions/atmel/avrgcc/3.4.1.95/avrtoolchain/bin/../lib/gcc/avr/4.6.2/avr5\libgcc.a(_exit.o)
 .debug_info    0x00001072       0xdd e:/courses/embeeded system iti/iti training programms/atmel studio/extensions/atmel/avrgcc/3.4.1.95/avrtoolchain/bin/../lib/gcc/avr/4.6.2/avr5\libgcc.a(_copy_data.o)
 .debug_info    0x0000114f       0xdd e:/courses/embeeded system iti/iti training programms/atmel studio/extensions/atmel/avrgcc/3.4.1.95/avrtoolchain/bin/../lib/gcc/avr/4.6.2/avr5\libgcc.a(_clear_bss.o)
 *(.gnu.linkonce.wi.*)

.debug_abbrev   0x00000000      0x60b
 *(.debug_abbrev)
 .debug_abbrev  0x00000000       0xfd App/Smart Calculator.o
 .debug_abbrev  0x000000fd       0x67 HAL/KeyPad/KEYPAD_cfg.o
 .debug_abbrev  0x00000164       0xd4 HAL/KeyPad/KEYPAD_prg.o
 .debug_abbrev  0x00000238      0x250 HAL/LCD/LCD_prg.o
 .debug_abbrev  0x00000488       0x32 HAL/PORT/PORT_prg.o
 .debug_abbrev  0x000004ba      0x101 MCAL/DIO/DIO_prg.o
 .debug_abbrev  0x000005bb       0x14 e:/courses/embeeded system iti/iti training programms/atmel studio/extensions/atmel/avrgcc/3.4.1.95/avrtoolchain/bin/../lib/gcc/avr/4.6.2/avr5\libgcc.a(_udivmodsi4.o)
 .debug_abbrev  0x000005cf       0x14 e:/courses/embeeded system iti/iti training programms/atmel studio/extensions/atmel/avrgcc/3.4.1.95/avrtoolchain/bin/../lib/gcc/avr/4.6.2/avr5\libgcc.a(_exit.o)
 .debug_abbrev  0x000005e3       0x14 e:/courses/embeeded system iti/iti training programms/atmel studio/extensions/atmel/avrgcc/3.4.1.95/avrtoolchain/bin/../lib/gcc/avr/4.6.2/avr5\libgcc.a(_copy_data.o)
 .debug_abbrev  0x000005f7       0x14 e:/courses/embeeded system iti/iti training programms/atmel studio/extensions/atmel/avrgcc/3.4.1.95/avrtoolchain/bin/../lib/gcc/avr/4.6.2/avr5\libgcc.a(_clear_bss.o)

.debug_line     0x00000000      0xb1c
 *(.debug_line)
 .debug_line    0x00000000      0x260 App/Smart Calculator.o
 .debug_line    0x00000260       0x5f HAL/KeyPad/KEYPAD_cfg.o
 .debug_line    0x000002bf       0xac HAL/KeyPad/KEYPAD_prg.o
 .debug_line    0x0000036b      0x336 HAL/LCD/LCD_prg.o
 .debug_line    0x000006a1       0x45 HAL/PORT/PORT_prg.o
 .debug_line    0x000006e6      0x1e7 MCAL/DIO/DIO_prg.o
 .debug_line    0x000008cd       0xa8 e:/courses/embeeded system iti/iti training programms/atmel studio/extensions/atmel/avrgcc/3.4.1.95/avrtoolchain/bin/../lib/gcc/avr/4.6.2/avr5\libgcc.a(_udivmodsi4.o)
 .debug_line    0x00000975       0x88 e:/courses/embeeded system iti/iti training programms/atmel studio/extensions/atmel/avrgcc/3.4.1.95/avrtoolchain/bin/../lib/gcc/avr/4.6.2/avr5\libgcc.a(_exit.o)
 .debug_line    0x000009fd       0x91 e:/courses/embeeded system iti/iti training programms/atmel studio/extensions/atmel/avrgcc/3.4.1.95/avrtoolchain/bin/../lib/gcc/avr/4.6.2/avr5\libgcc.a(_copy_data.o)
 .debug_line    0x00000a8e       0x8e e:/courses/embeeded system iti/iti training programms/atmel studio/extensions/atmel/avrgcc/3.4.1.95/avrtoolchain/bin/../lib/gcc/avr/4.6.2/avr5\libgcc.a(_clear_bss.o)

.debug_frame    0x00000000      0x2ac
 *(.debug_frame)
 .debug_frame   0x00000000       0x34 App/Smart Calculator.o
 .debug_frame   0x00000034       0x94 HAL/KeyPad/KEYPAD_prg.o
 .debug_frame   0x000000c8      0x13c HAL/LCD/LCD_prg.o
 .debug_frame   0x00000204       0x24 HAL/PORT/PORT_prg.o
 .debug_frame   0x00000228       0x84 MCAL/DIO/DIO_prg.o

.debug_str      0x00000000      0x610
 *(.debug_str)
 .debug_str     0x00000000      0x1c4 App/Smart Calculator.o
                                0x1f8 (size before relaxing)
 .debug_str     0x000001c4       0x79 HAL/KeyPad/KEYPAD_cfg.o
                                0x140 (size before relaxing)
 .debug_str     0x0000023d       0xc7 HAL/KeyPad/KEYPAD_prg.o
                                0x1ec (size before relaxing)
 .debug_str     0x00000304      0x1dc HAL/LCD/LCD_prg.o
                                0x343 (size before relaxing)
 .debug_str     0x000004e0       0x24 HAL/PORT/PORT_prg.o
                                 0xde (size before relaxing)
 .debug_str     0x00000504      0x10c MCAL/DIO/DIO_prg.o
                                0x1db (size before relaxing)

.debug_loc      0x00000000     0x100b
 *(.debug_loc)
 .debug_loc     0x00000000      0x3e6 App/Smart Calculator.o
 .debug_loc     0x000003e6      0x1c6 HAL/KeyPad/KEYPAD_prg.o
 .debug_loc     0x000005ac      0x63d HAL/LCD/LCD_prg.o
 .debug_loc     0x00000be9      0x422 MCAL/DIO/DIO_prg.o

.debug_macinfo
 *(.debug_macinfo)
OUTPUT(Smart Calculator.elf elf32-avr)
LOAD linker stubs
